2022-05-10T21:25:11.212+0300	ERROR	initiator/initiator.go:26	this is error in initiator
